[2026-03-05 11:28:27] 开始更新新闻数据...
[2026-03-05 11:28:30] ✅ 新闻更新完成: 0 条
[2026-03-05 11:28:32] ✅ 更新流程完成
[2026-03-05 11:28:35] 开始更新新闻数据...
[2026-03-05 11:28:38] ✅ 新闻更新完成: 0 条
[2026-03-05 11:28:39] ✅ 更新流程完成
[2026-03-05 11:30:11] 开始更新...
[2026-03-05 11:32:08] 开始更新...
[2026-03-05 11:32:10] 更新完成
[2026-03-05 11:38:24] 开始更新...
[2026-03-05 11:38:25] 更新完成
[2026-03-05 11:58:32] 开始更新...
[2026-03-05 11:58:34] 更新完成
[2026-03-05 12:28:35] 开始更新...
[2026-03-05 12:28:37] 更新完成
[2026-03-05 12:36:06] 开始更新新闻和视频...
[2026-03-05 12:36:10] 更新完成
[2026-03-05 12:58:39] 开始更新新闻和视频...
[2026-03-05 12:58:44] 更新完成
[2026-03-05 13:28:46] 开始更新新闻和视频...
[2026-03-05 13:28:50] 更新完成
[2026-03-05 13:58:52] 开始更新新闻和视频...
[2026-03-05 13:58:55] 更新完成
[2026-03-05 14:28:57] 开始更新新闻和视频...
[2026-03-05 14:29:00] 更新完成
[2026-03-05 14:59:02] 开始更新新闻和视频...
[2026-03-05 14:59:06] 更新完成
[2026-03-05 15:29:08] 开始更新新闻和视频...
[2026-03-05 15:29:16] 更新完成
[2026-03-05 15:59:18] 开始更新新闻和视频...
[2026-03-05 15:59:21] 更新完成
[2026-03-05 16:29:24] 开始更新新闻和视频...
[2026-03-05 16:29:29] 更新完成
[2026-03-05 16:59:31] 开始更新新闻和视频...
[2026-03-05 16:59:34] 更新完成
[2026-03-05 17:29:36] 开始更新新闻和视频...
[2026-03-05 17:29:39] 更新完成
[2026-03-05 17:59:41] 开始更新新闻和视频...
[2026-03-05 17:59:44] 更新完成
[2026-03-05 18:29:46] 开始更新新闻和视频...
[2026-03-05 18:29:49] 更新完成
[2026-03-05 18:59:51] 开始更新新闻和视频...
[2026-03-05 18:59:55] 更新完成
[2026-03-05 19:29:56] 开始更新新闻和视频...
[2026-03-05 19:30:00] 更新完成
[2026-03-05 20:00:02] 开始更新新闻和视频...
[2026-03-05 20:00:07] 更新完成
[2026-03-05 20:30:08] 开始更新新闻和视频...
[2026-03-05 20:30:12] 更新完成
[2026-03-05 21:00:14] 开始更新新闻和视频...
[2026-03-05 21:00:18] 更新完成
[2026-03-05 21:30:19] 开始更新新闻和视频...
[2026-03-05 21:30:23] 更新完成
[2026-03-05 22:00:28] 开始更新新闻和视频...
[2026-03-05 22:00:32] 更新完成
[2026-03-05 22:30:35] 开始更新新闻和视频...
[2026-03-05 22:30:40] 更新完成
[2026-03-05 23:00:43] 开始更新新闻和视频...
[2026-03-05 23:00:47] 更新完成
[2026-03-05 23:30:49] 开始更新新闻和视频...
[2026-03-05 23:30:53] 更新完成
[2026-03-06 00:00:56] 开始更新新闻和视频...
[2026-03-06 00:01:01] 更新完成
[2026-03-06 00:31:04] 开始更新新闻和视频...
[2026-03-06 00:31:08] 更新完成
[2026-03-06 01:01:10] 开始更新新闻和视频...
[2026-03-06 01:01:14] 更新完成
[2026-03-06 01:31:16] 开始更新新闻和视频...
[2026-03-06 01:31:19] 更新完成
[2026-03-06 02:01:21] 开始更新新闻和视频...
[2026-03-06 02:01:25] 更新完成
[2026-03-06 02:31:28] 开始更新新闻和视频...
[2026-03-06 02:31:31] 更新完成
[2026-03-06 03:01:33] 开始更新新闻和视频...
[2026-03-06 03:01:37] 更新完成
[2026-03-06 03:31:39] 开始更新新闻和视频...
[2026-03-06 03:31:43] 更新完成
[2026-03-06 04:01:45] 开始更新新闻和视频...
[2026-03-06 04:01:49] 更新完成
[2026-03-06 04:31:51] 开始更新新闻和视频...
[2026-03-06 04:31:55] 更新完成
[2026-03-06 05:01:57] 开始更新新闻和视频...
[2026-03-06 05:02:00] 更新完成
[2026-03-06 05:32:02] 开始更新新闻和视频...
[2026-03-06 05:32:06] 更新完成
[2026-03-06 06:02:08] 开始更新新闻和视频...
[2026-03-06 06:02:11] 更新完成
[2026-03-06 06:32:13] 开始更新新闻和视频...
[2026-03-06 06:32:19] 更新完成
[2026-03-06 07:02:21] 开始更新新闻和视频...
[2026-03-06 07:02:26] 更新完成
[2026-03-06 07:32:27] 开始更新新闻和视频...
[2026-03-06 07:32:31] 更新完成
[2026-03-06 08:02:33] 开始更新新闻和视频...
[2026-03-06 08:02:37] 更新完成
[2026-03-06 08:32:39] 开始更新新闻和视频...
[2026-03-06 08:32:43] 更新完成
[2026-03-06 09:02:44] 开始更新新闻和视频...
[2026-03-06 09:02:49] 更新完成
[2026-03-06 09:32:51] 开始更新新闻和视频...
[2026-03-06 09:32:54] 更新完成
[2026-03-06 10:02:56] 开始更新新闻和视频...
[2026-03-06 10:03:00] 更新完成
[2026-03-06 10:33:02] 开始更新新闻和视频...
[2026-03-06 10:33:05] 更新完成
[2026-03-06 11:03:07] 开始更新新闻和视频...
[2026-03-06 11:03:10] 更新完成
[2026-03-06 11:33:12] 开始更新新闻和视频...
[2026-03-06 11:33:16] 更新完成
[2026-03-06 12:03:17] 开始更新新闻和视频...
[2026-03-06 12:03:21] 更新完成
[2026-03-06 12:33:23] 开始更新新闻和视频...
[2026-03-06 12:33:27] 更新完成
[2026-03-06 13:03:28] 开始更新新闻和视频...
[2026-03-06 13:03:32] 更新完成
[2026-03-06 13:33:34] 开始更新新闻和视频...
[2026-03-06 13:33:37] 更新完成
[2026-03-06 14:03:39] 开始更新新闻和视频...
[2026-03-06 14:03:42] 更新完成
[2026-03-06 14:33:44] 开始更新新闻和视频...
[2026-03-06 14:33:48] 更新完成
[2026-03-06 15:03:50] 开始更新新闻和视频...
[2026-03-06 15:03:53] 更新完成
[2026-03-06 15:33:55] 开始更新新闻和视频...
[2026-03-06 15:33:59] 更新完成
[2026-03-06 16:04:02] 开始更新新闻和视频...
[2026-03-06 16:04:05] 更新完成
[2026-03-06 16:34:07] 开始更新新闻和视频...
[2026-03-06 16:34:11] 更新完成
[2026-03-06 17:04:13] 开始更新新闻和视频...
[2026-03-06 17:04:16] 更新完成
[2026-03-06 17:34:18] 开始更新新闻和视频...
[2026-03-06 17:34:22] 更新完成
[2026-03-06 18:04:28] 开始更新新闻和视频...
[2026-03-06 18:04:31] 更新完成
[2026-03-06 18:34:38] 开始更新新闻和视频...
[2026-03-06 18:34:42] 更新完成
[2026-03-06 19:04:44] 开始更新新闻和视频...
[2026-03-06 19:04:47] 更新完成
[2026-03-06 19:34:54] 开始更新新闻和视频...
[2026-03-06 19:34:57] 更新完成
[2026-03-06 20:04:59] 开始更新新闻和视频...
[2026-03-06 20:05:03] 更新完成
[2026-03-06 20:35:06] 开始更新新闻和视频...
[2026-03-06 20:35:10] 更新完成
[2026-03-06 21:05:12] 开始更新新闻和视频...
[2026-03-06 21:05:17] 更新完成
[2026-03-06 21:35:21] 开始更新新闻和视频...
[2026-03-06 21:35:25] 更新完成
[2026-03-06 22:05:27] 开始更新新闻和视频...
[2026-03-06 22:05:31] 更新完成
[2026-03-06 22:35:33] 开始更新新闻和视频...
[2026-03-06 22:35:37] 更新完成
[2026-03-06 23:05:41] 开始更新新闻和视频...
[2026-03-06 23:05:45] 更新完成
[2026-03-06 23:35:49] 开始更新新闻和视频...
[2026-03-06 23:35:52] 更新完成
[2026-03-07 00:05:55] 开始更新新闻和视频...
[2026-03-07 00:05:59] 更新完成
[2026-03-07 00:36:01] 开始更新新闻和视频...
[2026-03-07 00:36:05] 更新完成
[2026-03-07 01:06:09] 开始更新新闻和视频...
[2026-03-07 01:06:13] 更新完成
[2026-03-07 01:36:18] 开始更新新闻和视频...
[2026-03-07 01:36:22] 更新完成
[2026-03-07 02:06:27] 开始更新新闻和视频...
[2026-03-07 02:06:30] 更新完成
[2026-03-07 02:36:34] 开始更新新闻和视频...
[2026-03-07 02:36:39] 更新完成
[2026-03-07 03:06:44] 开始更新新闻和视频...
[2026-03-07 03:06:48] 更新完成
[2026-03-07 03:36:54] 开始更新新闻和视频...
[2026-03-07 03:36:58] 更新完成
[2026-03-07 04:07:02] 开始更新新闻和视频...
[2026-03-07 04:07:06] 更新完成
[2026-03-07 04:37:11] 开始更新新闻和视频...
[2026-03-07 04:37:15] 更新完成
[2026-03-07 05:07:19] 开始更新新闻和视频...
[2026-03-07 05:07:23] 更新完成
[2026-03-07 05:37:29] 开始更新新闻和视频...
[2026-03-07 05:37:32] 更新完成
[2026-03-07 06:07:34] 开始更新新闻和视频...
[2026-03-07 06:07:37] 更新完成
[2026-03-07 06:37:39] 开始更新新闻和视频...
[2026-03-07 06:37:43] 更新完成
[2026-03-07 07:07:47] 开始更新新闻和视频...
[2026-03-07 07:07:51] 更新完成
[2026-03-07 07:37:54] 开始更新新闻和视频...
[2026-03-07 07:37:58] 更新完成
[2026-03-07 08:08:00] 开始更新新闻和视频...
[2026-03-07 08:08:03] 更新完成
[2026-03-07 08:38:07] 开始更新新闻和视频...
[2026-03-07 08:38:10] 更新完成
[2026-03-07 09:08:14] 开始更新新闻和视频...
[2026-03-07 09:08:17] 更新完成
[2026-03-07 09:38:20] 开始更新新闻和视频...
[2026-03-07 09:38:23] 更新完成
[2026-03-07 10:08:27] 开始更新新闻和视频...
[2026-03-07 10:08:30] 更新完成
[2026-03-07 10:38:34] 开始更新新闻和视频...
[2026-03-07 10:38:37] 更新完成
[2026-03-07 11:08:41] 开始更新新闻和视频...
[2026-03-07 11:08:45] 更新完成
[2026-03-07 11:38:46] 开始更新新闻和视频...
[2026-03-07 11:38:50] 更新完成
[2026-03-07 12:08:53] 开始更新新闻和视频...
[2026-03-07 12:08:57] 更新完成
[2026-03-07 12:39:01] 开始更新新闻和视频...
[2026-03-07 12:39:05] 更新完成
[2026-03-07 13:09:07] 开始更新新闻和视频...
[2026-03-07 13:09:10] 更新完成
[2026-03-07 13:39:15] 开始更新新闻和视频...
[2026-03-07 13:39:19] 更新完成
[2026-03-07 14:09:23] 开始更新新闻和视频...
[2026-03-07 14:09:26] 更新完成
[2026-03-07 14:39:29] 开始更新新闻和视频...
[2026-03-07 14:39:34] 更新完成
[2026-03-07 15:09:42] 开始更新新闻和视频...
[2026-03-07 15:09:46] 更新完成
[2026-03-07 15:39:53] 开始更新新闻和视频...
[2026-03-07 15:39:56] 更新完成
[2026-03-07 16:09:59] 开始更新新闻和视频...
[2026-03-07 16:10:03] 更新完成
[2026-03-07 16:40:05] 开始更新新闻和视频...
[2026-03-07 17:10:06] 开始更新新闻和视频...
[2026-03-07 17:10:09] 更新完成
[2026-03-07 17:40:11] 开始更新新闻和视频...
[2026-03-07 17:40:15] 更新完成
[2026-03-07 18:10:18] 开始更新新闻和视频...
[2026-03-07 18:10:21] 更新完成
[2026-03-07 18:40:25] 开始更新新闻和视频...
[2026-03-07 18:40:29] 更新完成
[2026-03-07 19:10:32] 开始更新新闻和视频...
[2026-03-07 19:10:36] 更新完成
[2026-03-07 19:40:43] 开始更新新闻和视频...
[2026-03-07 19:40:47] 更新完成
[2026-03-07 20:10:49] 开始更新新闻和视频...
[2026-03-07 20:10:52] 更新完成
[2026-03-07 20:40:55] 开始更新新闻和视频...
[2026-03-07 20:40:59] 更新完成
[2026-03-07 21:11:01] 开始更新新闻和视频...
[2026-03-07 21:11:04] 更新完成
[2026-03-07 21:41:06] 开始更新新闻和视频...
[2026-03-07 21:41:10] 更新完成
[2026-03-07 22:11:13] 开始更新新闻和视频...
[2026-03-07 22:41:50] 开始更新新闻和视频...
[2026-03-07 23:12:27] 开始更新新闻和视频...
[2026-03-07 23:43:04] 开始更新新闻和视频...
[2026-03-08 00:13:41] 开始更新新闻和视频...
[2026-03-08 00:44:18] 开始更新新闻和视频...
[2026-03-08 01:15:16] 开始更新新闻和视频...
[2026-03-08 01:15:20] 更新完成
[2026-03-08 01:45:22] 开始更新新闻和视频...
[2026-03-08 01:45:26] 更新完成
[2026-03-08 02:15:33] 开始更新新闻和视频...
[2026-03-08 02:15:36] 更新完成
[2026-03-08 02:45:40] 开始更新新闻和视频...
[2026-03-08 02:45:44] 更新完成
[2026-03-08 03:15:46] 开始更新新闻和视频...
[2026-03-08 03:15:50] 更新完成
[2026-03-08 03:45:52] 开始更新新闻和视频...
[2026-03-08 03:45:56] 更新完成
[2026-03-08 04:15:59] 开始更新新闻和视频...
[2026-03-08 04:16:04] 更新完成
[2026-03-08 04:46:06] 开始更新新闻和视频...
[2026-03-08 04:46:10] 更新完成
[2026-03-08 05:16:12] 开始更新新闻和视频...
[2026-03-08 05:16:15] 更新完成
[2026-03-08 05:46:17] 开始更新新闻和视频...
[2026-03-08 05:46:21] 更新完成
[2026-03-08 06:16:24] 开始更新新闻和视频...
[2026-03-08 06:16:27] 更新完成
[2026-03-08 06:46:30] 开始更新新闻和视频...
[2026-03-08 06:46:33] 更新完成
[2026-03-08 07:16:35] 开始更新新闻和视频...
[2026-03-08 07:16:39] 更新完成
[2026-03-08 07:46:41] 开始更新新闻和视频...
[2026-03-08 07:46:45] 更新完成
[2026-03-08 08:16:48] 开始更新新闻和视频...
[2026-03-08 08:16:52] 更新完成
[2026-03-08 08:46:54] 开始更新新闻和视频...
[2026-03-08 08:46:57] 更新完成
[2026-03-08 09:16:59] 开始更新新闻和视频...
[2026-03-08 09:17:02] 更新完成
[2026-03-08 09:47:04] 开始更新新闻和视频...
[2026-03-08 09:47:08] 更新完成
[2026-03-08 10:17:13] 开始更新新闻和视频...
[2026-03-08 10:17:17] 更新完成
[2026-03-08 10:47:19] 开始更新新闻和视频...
[2026-03-08 10:47:22] 更新完成
[2026-03-08 11:17:24] 开始更新新闻和视频...
[2026-03-08 11:17:28] 更新完成
[2026-03-08 11:47:31] 开始更新新闻和视频...
[2026-03-08 11:47:34] 更新完成
[2026-03-08 12:17:36] 开始更新新闻和视频...
[2026-03-08 12:17:40] 更新完成
[2026-03-08 12:47:42] 开始更新新闻和视频...
[2026-03-08 12:47:45] 更新完成
[2026-03-08 13:17:49] 开始更新新闻和视频...
[2026-03-08 13:17:52] 更新完成
[2026-03-08 13:47:54] 开始更新新闻和视频...
[2026-03-08 13:47:58] 更新完成
[2026-03-08 14:18:00] 开始更新新闻和视频...
[2026-03-08 14:18:04] 更新完成
[2026-03-08 14:48:06] 开始更新新闻和视频...
[2026-03-08 14:48:09] 更新完成
[2026-03-08 15:18:11] 开始更新新闻和视频...
[2026-03-08 15:18:15] 更新完成
[2026-03-08 15:48:17] 开始更新新闻和视频...
[2026-03-08 15:48:21] 更新完成
[2026-03-08 16:18:30] 开始更新新闻和视频...
[2026-03-08 16:18:34] 更新完成
[2026-03-08 16:48:37] 开始更新新闻和视频...
[2026-03-08 16:48:42] 更新完成
[2026-03-08 17:18:45] 开始更新新闻和视频...
[2026-03-08 17:18:50] 更新完成
[2026-03-08 17:48:56] 开始更新新闻和视频...
[2026-03-08 17:48:59] 更新完成
[2026-03-08 18:19:01] 开始更新新闻和视频...
[2026-03-08 18:19:05] 更新完成
[2026-03-08 18:49:07] 开始更新新闻和视频...
[2026-03-08 18:49:12] 更新完成
[2026-03-08 19:19:27] 开始更新新闻和视频...
[2026-03-08 19:19:31] 更新完成
[2026-03-08 19:49:33] 开始更新新闻和视频...
[2026-03-08 19:49:37] 更新完成
[2026-03-08 20:19:39] 开始更新新闻和视频...
[2026-03-08 20:19:43] 更新完成
[2026-03-08 20:49:45] 开始更新新闻和视频...
[2026-03-08 20:49:49] 更新完成
[2026-03-08 21:19:53] 开始更新新闻和视频...
[2026-03-08 21:19:57] 更新完成
[2026-03-08 21:49:59] 开始更新新闻和视频...
[2026-03-08 21:50:03] 更新完成
[2026-03-08 22:20:05] 开始更新新闻和视频...
[2026-03-08 22:20:09] 更新完成
[2026-03-08 22:50:11] 开始更新新闻和视频...
[2026-03-08 22:50:15] 更新完成
[2026-03-08 23:20:17] 开始更新新闻和视频...
[2026-03-08 23:50:54] 开始更新新闻和视频...
[2026-03-09 00:21:31] 开始更新新闻和视频...
[2026-03-09 00:52:09] 开始更新新闻和视频...
[2026-03-09 00:52:12] 更新完成
[2026-03-09 01:22:14] 开始更新新闻和视频...
[2026-03-09 01:22:21] 更新完成
[2026-03-09 01:52:24] 开始更新新闻和视频...
[2026-03-09 01:52:28] 更新完成
[2026-03-09 02:22:31] 开始更新新闻和视频...
[2026-03-09 02:22:35] 更新完成
[2026-03-09 02:52:37] 开始更新新闻和视频...
[2026-03-09 02:52:40] 更新完成
[2026-03-09 03:22:42] 开始更新新闻和视频...
[2026-03-09 03:22:46] 更新完成
[2026-03-09 03:52:49] 开始更新新闻和视频...
[2026-03-09 03:52:52] 更新完成
[2026-03-09 04:22:54] 开始更新新闻和视频...
[2026-03-09 04:22:58] 更新完成
[2026-03-09 04:53:00] 开始更新新闻和视频...
[2026-03-09 04:53:04] 更新完成
[2026-03-09 05:23:06] 开始更新新闻和视频...
[2026-03-09 05:23:09] 更新完成
[2026-03-09 05:53:11] 开始更新新闻和视频...
[2026-03-09 05:53:15] 更新完成
[2026-03-09 06:23:17] 开始更新新闻和视频...
[2026-03-09 06:23:21] 更新完成
[2026-03-09 06:53:23] 开始更新新闻和视频...
[2026-03-09 06:53:26] 更新完成
[2026-03-09 07:23:32] 开始更新新闻和视频...
[2026-03-09 07:23:36] 更新完成
[2026-03-09 07:53:38] 开始更新新闻和视频...
[2026-03-09 07:53:45] 更新完成
[2026-03-09 08:23:49] 开始更新新闻和视频...
[2026-03-09 08:23:54] 更新完成
[2026-03-09 08:53:56] 开始更新新闻和视频...
[2026-03-09 08:54:00] 更新完成
[2026-03-09 09:24:04] 开始更新新闻和视频...
[2026-03-09 09:54:41] 开始更新新闻和视频...
[2026-03-09 10:25:11] 开始更新新闻和视频...
[2026-03-09 10:55:48] 开始更新新闻和视频...
[2026-03-09 11:26:25] 开始更新新闻和视频...
[2026-03-09 11:57:02] 开始更新新闻和视频...
[2026-03-09 12:27:39] 开始更新新闻和视频...
[2026-03-09 12:58:16] 开始更新新闻和视频...
[2026-03-09 13:28:54] 开始更新新闻和视频...
[2026-03-09 13:59:10] 开始更新新闻和视频...
[2026-03-09 14:29:48] 开始更新新闻和视频...
[2026-03-09 14:59:58] 开始更新新闻和视频...
[2026-03-09 15:00:02] 更新完成
[2026-03-09 15:30:04] 开始更新新闻和视频...
[2026-03-09 15:30:08] 更新完成
[2026-03-09 16:00:10] 开始更新新闻和视频...
[2026-03-09 16:00:14] 更新完成
[2026-03-09 16:30:17] 开始更新新闻和视频...
[2026-03-09 16:30:21] 更新完成
[2026-03-09 17:00:23] 开始更新新闻和视频...
[2026-03-09 17:00:27] 更新完成
[2026-03-09 17:30:29] 开始更新新闻和视频...
[2026-03-09 17:30:32] 更新完成
[2026-03-09 18:00:35] 开始更新新闻和视频...
[2026-03-09 18:00:38] 更新完成
[2026-03-09 18:30:40] 开始更新新闻和视频...
[2026-03-09 18:30:45] 更新完成
[2026-03-09 19:00:47] 开始更新新闻和视频...
[2026-03-09 19:00:51] 更新完成
[2026-03-09 19:30:53] 开始更新新闻和视频...
[2026-03-09 19:30:56] 更新完成
[2026-03-09 20:00:58] 开始更新新闻和视频...
[2026-03-09 20:01:02] 更新完成
[2026-03-09 20:31:05] 开始更新新闻和视频...
[2026-03-09 20:31:08] 更新完成
[2026-03-09 21:01:10] 开始更新新闻和视频...
[2026-03-09 21:01:14] 更新完成
[2026-03-09 21:31:17] 开始更新新闻和视频...
[2026-03-09 21:31:21] 更新完成
[2026-03-09 22:01:23] 开始更新新闻和视频...
[2026-03-09 22:01:26] 更新完成
[2026-03-09 22:31:29] 开始更新新闻和视频...
[2026-03-09 22:31:33] 更新完成
[2026-03-09 23:01:35] 开始更新新闻和视频...
[2026-03-09 23:01:39] 更新完成
[2026-03-09 23:31:41] 开始更新新闻和视频...
[2026-03-09 23:31:47] 更新完成
[2026-03-10 00:01:50] 开始更新新闻和视频...
[2026-03-10 00:01:53] 更新完成
[2026-03-10 00:31:56] 开始更新新闻和视频...
[2026-03-10 00:32:00] 更新完成
[2026-03-10 01:02:02] 开始更新新闻和视频...
[2026-03-10 01:02:06] 更新完成
[2026-03-10 01:32:08] 开始更新新闻和视频...
[2026-03-10 01:32:12] 更新完成
[2026-03-10 02:02:14] 开始更新新闻和视频...
[2026-03-10 02:02:19] 更新完成
[2026-03-10 02:32:22] 开始更新新闻和视频...
[2026-03-10 02:32:25] 更新完成
[2026-03-10 03:02:28] 开始更新新闻和视频...
[2026-03-10 03:32:46] 开始更新新闻和视频...
[2026-03-10 03:32:50] 更新完成
[2026-03-10 04:02:52] 开始更新新闻和视频...
[2026-03-10 04:02:55] 更新完成
[2026-03-10 04:32:57] 开始更新新闻和视频...
[2026-03-10 04:33:02] 更新完成
[2026-03-10 05:03:04] 开始更新新闻和视频...
[2026-03-10 05:03:08] 更新完成
[2026-03-10 05:33:10] 开始更新新闻和视频...
[2026-03-10 05:33:14] 更新完成
[2026-03-10 06:03:16] 开始更新新闻和视频...
[2026-03-10 06:03:20] 更新完成
[2026-03-10 06:33:22] 开始更新新闻和视频...
[2026-03-10 06:33:25] 更新完成
[2026-03-10 07:03:27] 开始更新新闻和视频...
[2026-03-10 07:03:31] 更新完成
[2026-03-10 07:33:33] 开始更新新闻和视频...
[2026-03-10 07:33:36] 更新完成
[2026-03-10 08:03:38] 开始更新新闻和视频...
[2026-03-10 08:03:42] 更新完成
[2026-03-10 08:33:44] 开始更新新闻和视频...
[2026-03-10 08:33:47] 更新完成
[2026-03-10 09:03:49] 开始更新新闻和视频...
[2026-03-10 09:03:53] 更新完成
[2026-03-10 09:33:55] 开始更新新闻和视频...
[2026-03-10 09:33:59] 更新完成
[2026-03-10 10:04:01] 开始更新新闻和视频...
[2026-03-10 10:04:05] 更新完成
[2026-03-10 10:34:07] 开始更新新闻和视频...
[2026-03-10 10:34:11] 更新完成
[2026-03-10 11:04:13] 开始更新新闻和视频...
[2026-03-10 11:04:17] 更新完成
[2026-03-10 11:34:19] 开始更新新闻和视频...
[2026-03-10 11:34:22] 更新完成
[2026-03-10 12:04:24] 开始更新新闻和视频...
[2026-03-10 12:04:28] 更新完成
[2026-03-10 12:34:30] 开始更新新闻和视频...
[2026-03-10 12:34:33] 更新完成
[2026-03-10 13:04:35] 开始更新新闻和视频...
[2026-03-10 13:04:39] 更新完成
[2026-03-10 13:34:41] 开始更新新闻和视频...
[2026-03-10 13:34:44] 更新完成
[2026-03-10 14:04:46] 开始更新新闻和视频...
[2026-03-10 14:04:50] 更新完成
[2026-03-10 14:34:52] 开始更新新闻和视频...
[2026-03-10 14:34:55] 更新完成
[2026-03-10 15:04:57] 开始更新新闻和视频...
[2026-03-10 15:05:01] 更新完成
[2026-03-10 15:35:03] 开始更新新闻和视频...
[2026-03-10 15:35:06] 更新完成
[2026-03-10 16:05:08] 开始更新新闻和视频...
[2026-03-10 16:05:12] 更新完成
[2026-03-10 16:35:14] 开始更新新闻和视频...
[2026-03-10 16:35:18] 更新完成
[2026-03-10 17:05:20] 开始更新新闻和视频...
[2026-03-10 17:05:23] 更新完成
[2026-03-10 17:35:25] 开始更新新闻和视频...
[2026-03-10 17:35:29] 更新完成
[2026-03-10 18:05:32] 开始更新新闻和视频...
[2026-03-10 18:05:35] 更新完成
[2026-03-10 18:35:37] 开始更新新闻和视频...
[2026-03-10 18:35:41] 更新完成
[2026-03-10 19:05:43] 开始更新新闻和视频...
[2026-03-10 19:05:47] 更新完成
[2026-03-10 19:35:49] 开始更新新闻和视频...
[2026-03-10 19:35:52] 更新完成
[2026-03-10 20:05:54] 开始更新新闻和视频...
[2026-03-10 20:05:58] 更新完成
[2026-03-10 20:36:00] 开始更新新闻和视频...
[2026-03-10 20:36:03] 更新完成
[2026-03-10 21:06:05] 开始更新新闻和视频...
[2026-03-10 21:06:09] 更新完成
[2026-03-10 21:36:12] 开始更新新闻和视频...
[2026-03-10 21:36:15] 更新完成
[2026-03-10 22:06:18] 开始更新新闻和视频...
[2026-03-10 22:06:23] 更新完成
[2026-03-10 22:36:26] 开始更新新闻和视频...
[2026-03-10 22:36:30] 更新完成
[2026-03-10 23:06:32] 开始更新新闻和视频...
[2026-03-10 23:06:36] 更新完成
[2026-03-10 23:36:38] 开始更新新闻和视频...
[2026-03-10 23:36:42] 更新完成
[2026-03-11 00:06:48] 开始更新新闻和视频...
[2026-03-11 00:06:53] 更新完成
[2026-03-11 00:36:55] 开始更新新闻和视频...
[2026-03-11 00:37:01] 更新完成
[2026-03-11 01:07:04] 开始更新新闻和视频...
[2026-03-11 01:07:08] 更新完成
[2026-03-11 01:37:10] 开始更新新闻和视频...
[2026-03-11 01:37:13] 更新完成
[2026-03-11 02:07:15] 开始更新新闻和视频...
[2026-03-11 02:07:19] 更新完成
[2026-03-11 02:37:21] 开始更新新闻和视频...
[2026-03-11 02:37:25] 更新完成
[2026-03-11 03:07:27] 开始更新新闻和视频...
[2026-03-11 03:07:31] 更新完成
[2026-03-11 03:37:33] 开始更新新闻和视频...
[2026-03-11 03:37:37] 更新完成
[2026-03-11 04:07:39] 开始更新新闻和视频...
[2026-03-11 04:07:43] 更新完成
[2026-03-11 04:37:45] 开始更新新闻和视频...
[2026-03-11 04:37:48] 更新完成
[2026-03-11 05:07:50] 开始更新新闻和视频...
[2026-03-11 05:07:53] 更新完成
[2026-03-11 05:37:55] 开始更新新闻和视频...
[2026-03-11 05:37:59] 更新完成
[2026-03-11 06:08:01] 开始更新新闻和视频...
[2026-03-11 06:08:04] 更新完成
[2026-03-11 06:38:06] 开始更新新闻和视频...
[2026-03-11 06:38:10] 更新完成
[2026-03-11 07:08:12] 开始更新新闻和视频...
[2026-03-11 07:08:16] 更新完成
[2026-03-11 07:38:17] 开始更新新闻和视频...
[2026-03-11 07:38:22] 更新完成
[2026-03-11 08:08:24] 开始更新新闻和视频...
[2026-03-11 08:08:27] 更新完成
[2026-03-11 08:38:30] 开始更新新闻和视频...
[2026-03-11 08:38:34] 更新完成
[2026-03-11 09:08:36] 开始更新新闻和视频...
[2026-03-11 09:08:40] 更新完成
[2026-03-11 09:38:41] 开始更新新闻和视频...
[2026-03-11 09:38:45] 更新完成
[2026-03-11 10:08:47] 开始更新新闻和视频...
[2026-03-11 10:08:51] 更新完成
[2026-03-11 10:38:53] 开始更新新闻和视频...
[2026-03-11 10:38:57] 更新完成
[2026-03-11 11:08:58] 开始更新新闻和视频...
[2026-03-11 11:09:02] 更新完成
[2026-03-11 11:39:04] 开始更新新闻和视频...
[2026-03-11 11:39:09] 更新完成
[2026-03-11 12:09:11] 开始更新新闻和视频...
[2026-03-11 12:39:14] 开始更新新闻和视频...
[2026-03-11 12:39:17] 更新完成
[2026-03-11 13:09:19] 开始更新新闻和视频...
[2026-03-11 13:09:23] 更新完成
[2026-03-11 13:39:25] 开始更新新闻和视频...
[2026-03-11 13:39:29] 更新完成
[2026-03-11 14:09:31] 开始更新新闻和视频...
[2026-03-11 14:09:35] 更新完成
[2026-03-11 14:39:36] 开始更新新闻和视频...
[2026-03-11 14:39:40] 更新完成
[2026-03-11 15:09:42] 开始更新新闻和视频...
[2026-03-11 15:09:46] 更新完成
[2026-03-11 15:39:48] 开始更新新闻和视频...
[2026-03-11 15:39:51] 更新完成
[2026-03-11 16:09:53] 开始更新新闻和视频...
[2026-03-11 16:09:57] 更新完成
[2026-03-11 16:39:59] 开始更新新闻和视频...
[2026-03-11 16:40:02] 更新完成
[2026-03-11 17:10:05] 开始更新新闻和视频...
[2026-03-11 17:10:08] 更新完成
[2026-03-11 17:40:10] 开始更新新闻和视频...
[2026-03-11 17:40:14] 更新完成
[2026-03-11 18:10:16] 开始更新新闻和视频...
[2026-03-11 18:10:19] 更新完成
[2026-03-11 18:40:21] 开始更新新闻和视频...
[2026-03-11 18:40:24] 更新完成
[2026-03-11 19:10:26] 开始更新新闻和视频...
[2026-03-11 19:10:31] 更新完成
[2026-03-11 19:40:33] 开始更新新闻和视频...
[2026-03-11 19:40:37] 更新完成
[2026-03-11 20:10:39] 开始更新新闻和视频...
[2026-03-11 20:10:42] 更新完成
[2026-03-11 20:40:44] 开始更新新闻和视频...
[2026-03-11 20:40:49] 更新完成
[2026-03-11 21:10:51] 开始更新新闻和视频...
[2026-03-11 21:10:55] 更新完成
[2026-03-11 21:40:58] 开始更新新闻和视频...
[2026-03-11 21:41:02] 更新完成
[2026-03-11 22:11:04] 开始更新新闻和视频...
[2026-03-11 22:11:08] 更新完成
[2026-03-11 22:41:10] 开始更新新闻和视频...
[2026-03-11 22:41:14] 更新完成
[2026-03-11 23:11:16] 开始更新新闻和视频...
[2026-03-11 23:11:23] 更新完成
[2026-03-11 23:41:25] 开始更新新闻和视频...
[2026-03-11 23:41:32] 更新完成
[2026-03-12 00:11:36] 开始更新新闻和视频...
[2026-03-12 00:11:39] 更新完成
[2026-03-12 00:41:43] 开始更新新闻和视频...
[2026-03-12 00:41:48] 更新完成
[2026-03-12 01:11:55] 开始更新新闻和视频...
[2026-03-12 01:11:59] 更新完成
[2026-03-12 01:42:02] 开始更新新闻和视频...
[2026-03-12 01:42:05] 更新完成
[2026-03-12 02:12:07] 开始更新新闻和视频...
[2026-03-12 02:12:11] 更新完成
[2026-03-12 02:42:13] 开始更新新闻和视频...
[2026-03-12 02:42:16] 更新完成
[2026-03-12 03:12:18] 开始更新新闻和视频...
[2026-03-12 03:12:22] 更新完成
[2026-03-12 03:42:24] 开始更新新闻和视频...
[2026-03-12 03:42:27] 更新完成
[2026-03-12 04:12:29] 开始更新新闻和视频...
[2026-03-12 04:12:34] 更新完成
[2026-03-12 04:42:36] 开始更新新闻和视频...
[2026-03-12 04:42:39] 更新完成
[2026-03-12 05:12:41] 开始更新新闻和视频...
[2026-03-12 05:12:45] 更新完成
[2026-03-12 05:42:47] 开始更新新闻和视频...
[2026-03-12 05:42:50] 更新完成
[2026-03-12 06:12:53] 开始更新新闻和视频...
[2026-03-12 06:12:56] 更新完成
[2026-03-12 06:42:58] 开始更新新闻和视频...
[2026-03-12 06:43:02] 更新完成
[2026-03-12 07:13:04] 开始更新新闻和视频...
[2026-03-12 07:13:07] 更新完成
[2026-03-12 07:43:09] 开始更新新闻和视频...
[2026-03-12 07:43:13] 更新完成
[2026-03-12 08:13:16] 开始更新新闻和视频...
[2026-03-12 08:13:19] 更新完成
[2026-03-12 08:43:21] 开始更新新闻和视频...
[2026-03-12 08:43:25] 更新完成
[2026-03-12 09:13:27] 开始更新新闻和视频...
[2026-03-12 09:13:31] 更新完成
[2026-03-12 09:43:33] 开始更新新闻和视频...
[2026-03-12 09:43:37] 更新完成
[2026-03-12 10:13:39] 开始更新新闻和视频...
[2026-03-12 10:13:43] 更新完成
[2026-03-12 10:43:44] 开始更新新闻和视频...
[2026-03-12 10:43:48] 更新完成
[2026-03-12 11:13:50] 开始更新新闻和视频...
[2026-03-12 11:13:54] 更新完成
[2026-03-12 11:43:56] 开始更新新闻和视频...
[2026-03-12 11:43:59] 更新完成
[2026-03-12 12:14:01] 开始更新新闻和视频...
[2026-03-12 12:14:04] 更新完成
[2026-03-12 12:44:06] 开始更新新闻和视频...
[2026-03-12 12:44:09] 更新完成
[2026-03-12 13:14:11] 开始更新新闻和视频...
[2026-03-12 13:14:15] 更新完成
[2026-03-12 13:44:17] 开始更新新闻和视频...
[2026-03-12 13:44:20] 更新完成
[2026-03-12 14:14:23] 开始更新新闻和视频...
[2026-03-12 14:14:26] 更新完成
[2026-03-12 14:44:28] 开始更新新闻和视频...
[2026-03-12 14:44:32] 更新完成
[2026-03-12 15:14:34] 开始更新新闻和视频...
[2026-03-12 15:14:37] 更新完成
[2026-03-12 15:44:39] 开始更新新闻和视频...
[2026-03-12 15:44:43] 更新完成
[2026-03-12 16:14:45] 开始更新新闻和视频...
[2026-03-12 16:44:48] 开始更新新闻和视频...
[2026-03-12 16:44:52] 更新完成
[2026-03-12 17:14:54] 开始更新新闻和视频...
[2026-03-12 17:14:58] 更新完成
[2026-03-12 17:45:00] 开始更新新闻和视频...
[2026-03-12 17:45:03] 更新完成
[2026-03-12 18:15:05] 开始更新新闻和视频...
[2026-03-12 18:15:09] 更新完成
[2026-03-12 18:45:11] 开始更新新闻和视频...
[2026-03-12 18:45:15] 更新完成
[2026-03-12 19:15:17] 开始更新新闻和视频...
[2026-03-12 19:15:20] 更新完成
[2026-03-12 19:45:22] 开始更新新闻和视频...
[2026-03-12 19:45:26] 更新完成
[2026-03-12 20:15:28] 开始更新新闻和视频...
[2026-03-12 20:15:32] 更新完成
[2026-03-12 20:45:34] 开始更新新闻和视频...
[2026-03-12 20:45:38] 更新完成
[2026-03-12 21:15:40] 开始更新新闻和视频...
[2026-03-12 21:15:44] 更新完成
[2026-03-12 21:45:46] 开始更新新闻和视频...
[2026-03-12 21:45:50] 更新完成
[2026-03-12 22:15:52] 开始更新新闻和视频...
[2026-03-12 22:15:56] 更新完成
[2026-03-12 22:45:58] 开始更新新闻和视频...
[2026-03-12 22:46:03] 更新完成
[2026-03-12 23:16:05] 开始更新新闻和视频...
[2026-03-12 23:16:12] 更新完成
[2026-03-12 23:46:15] 开始更新新闻和视频...
[2026-03-12 23:46:21] 更新完成
[2026-03-13 00:16:23] 开始更新新闻和视频...
[2026-03-13 00:16:27] 更新完成
[2026-03-13 00:46:29] 开始更新新闻和视频...
[2026-03-13 00:46:33] 更新完成
[2026-03-13 01:16:35] 开始更新新闻和视频...
[2026-03-13 01:16:38] 更新完成
[2026-03-13 01:46:40] 开始更新新闻和视频...
[2026-03-13 01:46:44] 更新完成
[2026-03-13 02:16:46] 开始更新新闻和视频...
[2026-03-13 02:47:01] 开始更新新闻和视频...
[2026-03-13 02:47:05] 更新完成
[2026-03-13 03:17:07] 开始更新新闻和视频...
[2026-03-13 03:17:10] 更新完成
[2026-03-13 03:47:12] 开始更新新闻和视频...
[2026-03-13 03:47:16] 更新完成
[2026-03-13 04:17:18] 开始更新新闻和视频...
[2026-03-13 04:17:21] 更新完成
[2026-03-13 04:47:23] 开始更新新闻和视频...
[2026-03-13 04:47:26] 更新完成
[2026-03-13 05:17:28] 开始更新新闻和视频...
[2026-03-13 05:17:32] 更新完成
[2026-03-13 05:47:34] 开始更新新闻和视频...
[2026-03-13 05:47:37] 更新完成
[2026-03-13 06:17:39] 开始更新新闻和视频...
[2026-03-13 06:17:43] 更新完成
[2026-03-13 06:47:45] 开始更新新闻和视频...
[2026-03-13 06:47:48] 更新完成
[2026-03-13 07:17:50] 开始更新新闻和视频...
[2026-03-13 07:17:54] 更新完成
[2026-03-13 07:47:56] 开始更新新闻和视频...
[2026-03-13 07:48:00] 更新完成
[2026-03-13 08:18:02] 开始更新新闻和视频...
[2026-03-13 08:18:05] 更新完成
[2026-03-13 08:48:07] 开始更新新闻和视频...
[2026-03-13 08:48:11] 更新完成
[2026-03-13 09:18:13] 开始更新新闻和视频...
[2026-03-13 09:18:16] 更新完成
[2026-03-13 09:48:19] 开始更新新闻和视频...
[2026-03-13 09:48:22] 更新完成
[2026-03-13 10:18:24] 开始更新新闻和视频...
[2026-03-13 10:18:27] 更新完成
[2026-03-13 10:48:29] 开始更新新闻和视频...
[2026-03-13 10:48:33] 更新完成
[2026-03-13 11:18:35] 开始更新新闻和视频...
[2026-03-13 11:18:39] 更新完成
[2026-03-13 11:48:41] 开始更新新闻和视频...
[2026-03-13 11:48:44] 更新完成
[2026-03-13 12:18:46] 开始更新新闻和视频...
[2026-03-13 12:18:50] 更新完成
[2026-03-13 12:48:52] 开始更新新闻和视频...
[2026-03-13 12:48:55] 更新完成
[2026-03-13 13:18:57] 开始更新新闻和视频...
[2026-03-13 13:19:00] 更新完成
[2026-03-13 13:49:02] 开始更新新闻和视频...
[2026-03-13 13:49:06] 更新完成
[2026-03-13 14:19:08] 开始更新新闻和视频...
[2026-03-13 14:19:11] 更新完成
[2026-03-13 14:49:13] 开始更新新闻和视频...
[2026-03-13 14:49:17] 更新完成
[2026-03-13 15:19:20] 开始更新新闻和视频...
[2026-03-13 15:19:23] 更新完成
[2026-03-13 15:49:25] 开始更新新闻和视频...
[2026-03-13 15:49:28] 更新完成
[2026-03-13 16:19:31] 开始更新新闻和视频...
[2026-03-13 16:19:34] 更新完成
[2026-03-13 16:49:36] 开始更新新闻和视频...
[2026-03-13 16:49:39] 更新完成
[2026-03-13 17:19:41] 开始更新新闻和视频...
[2026-03-13 17:19:45] 更新完成
[2026-03-13 17:49:47] 开始更新新闻和视频...
[2026-03-13 17:49:51] 更新完成
[2026-03-13 18:19:53] 开始更新新闻和视频...
[2026-03-13 18:19:56] 更新完成
[2026-03-13 18:49:58] 开始更新新闻和视频...
[2026-03-13 18:50:01] 更新完成
[2026-03-13 19:20:03] 开始更新新闻和视频...
[2026-03-13 19:20:07] 更新完成
[2026-03-13 19:50:09] 开始更新新闻和视频...
[2026-03-13 19:50:12] 更新完成
[2026-03-13 20:20:14] 开始更新新闻和视频...
[2026-03-13 20:20:17] 更新完成
[2026-03-13 20:50:19] 开始更新新闻和视频...
[2026-03-13 20:50:23] 更新完成
[2026-03-13 21:20:25] 开始更新新闻和视频...
[2026-03-13 21:20:28] 更新完成
[2026-03-13 21:50:30] 开始更新新闻和视频...
[2026-03-13 21:50:34] 更新完成
[2026-03-13 22:20:36] 开始更新新闻和视频...
[2026-03-13 22:20:40] 更新完成
[2026-03-13 22:50:43] 开始更新新闻和视频...
[2026-03-13 22:50:48] 更新完成
[2026-03-13 23:20:50] 开始更新新闻和视频...
[2026-03-13 23:20:54] 更新完成
[2026-03-13 23:50:56] 开始更新新闻和视频...
[2026-03-13 23:51:03] 更新完成
[2026-03-14 00:21:06] 开始更新新闻和视频...
[2026-03-14 00:21:10] 更新完成
[2026-03-14 00:51:12] 开始更新新闻和视频...
[2026-03-14 00:51:16] 更新完成
[2026-03-14 01:21:18] 开始更新新闻和视频...
[2026-03-14 01:21:22] 更新完成
[2026-03-14 01:51:24] 开始更新新闻和视频...
[2026-03-14 01:51:27] 更新完成
[2026-03-14 02:21:29] 开始更新新闻和视频...
[2026-03-14 02:21:33] 更新完成
[2026-03-14 02:51:35] 开始更新新闻和视频...
[2026-03-14 02:51:38] 更新完成
[2026-03-14 03:21:40] 开始更新新闻和视频...
[2026-03-14 03:21:44] 更新完成
[2026-03-14 03:51:46] 开始更新新闻和视频...
[2026-03-14 03:51:49] 更新完成
[2026-03-14 04:21:51] 开始更新新闻和视频...
[2026-03-14 04:21:54] 更新完成
[2026-03-14 04:51:56] 开始更新新闻和视频...
[2026-03-14 04:52:00] 更新完成
[2026-03-14 05:22:02] 开始更新新闻和视频...
[2026-03-14 05:22:05] 更新完成
[2026-03-14 05:52:08] 开始更新新闻和视频...
[2026-03-14 05:52:11] 更新完成
[2026-03-14 06:22:13] 开始更新新闻和视频...
[2026-03-14 06:22:17] 更新完成
[2026-03-14 06:52:19] 开始更新新闻和视频...
[2026-03-14 06:52:22] 更新完成
[2026-03-14 07:22:24] 开始更新新闻和视频...
[2026-03-14 07:22:28] 更新完成
[2026-03-14 07:52:30] 开始更新新闻和视频...
[2026-03-14 07:52:33] 更新完成
[2026-03-14 08:22:35] 开始更新新闻和视频...
[2026-03-14 08:22:39] 更新完成
[2026-03-14 08:52:40] 开始更新新闻和视频...
[2026-03-14 08:52:44] 更新完成
[2026-03-14 09:22:46] 开始更新新闻和视频...
[2026-03-14 09:22:50] 更新完成
[2026-03-14 09:52:52] 开始更新新闻和视频...
[2026-03-14 09:52:55] 更新完成
[2026-03-14 10:22:57] 开始更新新闻和视频...
[2026-03-14 10:23:00] 更新完成
[2026-03-14 10:53:02] 开始更新新闻和视频...
[2026-03-14 10:53:06] 更新完成
[2026-03-14 11:23:08] 开始更新新闻和视频...
[2026-03-14 11:23:11] 更新完成
[2026-03-14 11:53:13] 开始更新新闻和视频...
[2026-03-14 11:53:17] 更新完成
[2026-03-14 12:23:19] 开始更新新闻和视频...
[2026-03-14 12:23:22] 更新完成
[2026-03-14 12:53:24] 开始更新新闻和视频...
[2026-03-14 12:53:28] 更新完成
[2026-03-14 13:23:30] 开始更新新闻和视频...
[2026-03-14 13:23:33] 更新完成
[2026-03-14 13:53:35] 开始更新新闻和视频...
[2026-03-14 13:53:39] 更新完成
[2026-03-14 14:23:41] 开始更新新闻和视频...
[2026-03-14 14:23:44] 更新完成
[2026-03-14 14:53:46] 开始更新新闻和视频...
[2026-03-14 14:53:50] 更新完成
[2026-03-14 15:23:52] 开始更新新闻和视频...
[2026-03-14 15:23:55] 更新完成
[2026-03-14 15:53:57] 开始更新新闻和视频...
[2026-03-14 15:54:01] 更新完成
[2026-03-14 16:24:03] 开始更新新闻和视频...
[2026-03-14 16:24:06] 更新完成
[2026-03-14 16:54:08] 开始更新新闻和视频...
[2026-03-14 16:54:11] 更新完成
[2026-03-14 17:24:14] 开始更新新闻和视频...
[2026-03-14 17:24:17] 更新完成
[2026-03-14 17:54:19] 开始更新新闻和视频...
[2026-03-14 17:54:23] 更新完成
[2026-03-14 18:24:25] 开始更新新闻和视频...
[2026-03-14 18:24:29] 更新完成
[2026-03-14 18:54:31] 开始更新新闻和视频...
[2026-03-14 18:54:34] 更新完成
[2026-03-14 19:24:36] 开始更新新闻和视频...
[2026-03-14 19:24:39] 更新完成
[2026-03-14 19:54:41] 开始更新新闻和视频...
[2026-03-14 19:54:45] 更新完成
[2026-03-14 20:24:47] 开始更新新闻和视频...
[2026-03-14 20:24:51] 更新完成
[2026-03-14 20:54:53] 开始更新新闻和视频...
[2026-03-14 20:54:56] 更新完成
[2026-03-14 21:24:58] 开始更新新闻和视频...
[2026-03-14 21:55:00] 开始更新新闻和视频...
[2026-03-14 21:55:04] 更新完成
[2026-03-14 22:25:06] 开始更新新闻和视频...
[2026-03-14 22:25:12] 更新完成
[2026-03-14 22:55:14] 开始更新新闻和视频...
[2026-03-14 22:55:18] 更新完成
[2026-03-14 23:25:20] 开始更新新闻和视频...
[2026-03-14 23:25:25] 更新完成
[2026-03-14 23:55:27] 开始更新新闻和视频...
[2026-03-15 00:26:29] 开始更新新闻和视频...
[2026-03-15 00:26:33] 更新完成
[2026-03-15 00:56:36] 开始更新新闻和视频...
[2026-03-15 00:56:39] 更新完成
[2026-03-15 01:26:41] 开始更新新闻和视频...
[2026-03-15 01:26:45] 更新完成
[2026-03-15 01:56:47] 开始更新新闻和视频...
[2026-03-15 01:56:51] 更新完成
[2026-03-15 02:26:53] 开始更新新闻和视频...
[2026-03-15 02:26:57] 更新完成
[2026-03-15 02:56:59] 开始更新新闻和视频...
[2026-03-15 02:57:05] 更新完成
[2026-03-15 03:27:06] 开始更新新闻和视频...
[2026-03-15 03:27:10] 更新完成
[2026-03-15 03:57:12] 开始更新新闻和视频...
[2026-03-15 03:57:16] 更新完成
[2026-03-15 04:27:18] 开始更新新闻和视频...
[2026-03-15 04:27:23] 更新完成
[2026-03-15 04:57:25] 开始更新新闻和视频...
[2026-03-15 04:57:29] 更新完成
[2026-03-15 05:27:31] 开始更新新闻和视频...
[2026-03-15 05:27:35] 更新完成
[2026-03-15 05:57:37] 开始更新新闻和视频...
[2026-03-15 05:57:41] 更新完成
[2026-03-15 06:27:43] 开始更新新闻和视频...
[2026-03-15 07:10:01] 开始更新新闻和视频...
[2026-03-15 07:10:04] 更新完成
[2026-03-15 07:40:06] 开始更新新闻和视频...
[2026-03-15 07:40:09] 更新完成
[2026-03-15 08:10:11] 开始更新新闻和视频...
[2026-03-15 08:10:15] 更新完成
[2026-03-15 08:40:17] 开始更新新闻和视频...
[2026-03-15 08:40:21] 更新完成
[2026-03-15 09:10:23] 开始更新新闻和视频...
[2026-03-15 09:10:27] 更新完成
[2026-03-15 09:40:29] 开始更新新闻和视频...
[2026-03-15 09:40:33] 更新完成
[2026-03-15 10:10:35] 开始更新新闻和视频...
[2026-03-15 10:10:38] 更新完成
[2026-03-15 10:40:40] 开始更新新闻和视频...
[2026-03-15 10:40:44] 更新完成
[2026-03-15 11:10:46] 开始更新新闻和视频...
[2026-03-15 11:10:49] 更新完成
[2026-03-15 11:40:51] 开始更新新闻和视频...
[2026-03-15 11:40:55] 更新完成
[2026-03-15 12:10:57] 开始更新新闻和视频...
[2026-03-15 12:11:00] 更新完成
[2026-03-15 12:41:02] 开始更新新闻和视频...
[2026-03-15 12:41:06] 更新完成
[2026-03-15 13:11:08] 开始更新新闻和视频...
[2026-03-15 13:11:11] 更新完成
[2026-03-15 13:41:13] 开始更新新闻和视频...
[2026-03-15 13:41:17] 更新完成
[2026-03-15 14:11:19] 开始更新新闻和视频...
[2026-03-15 14:11:22] 更新完成
[2026-03-15 14:41:24] 开始更新新闻和视频...
[2026-03-15 14:41:27] 更新完成
[2026-03-15 15:11:29] 开始更新新闻和视频...
[2026-03-15 15:11:32] 更新完成
[2026-03-15 15:41:34] 开始更新新闻和视频...
[2026-03-15 15:41:38] 更新完成
[2026-03-15 16:11:40] 开始更新新闻和视频...
[2026-03-15 16:11:44] 更新完成
[2026-03-15 16:41:46] 开始更新新闻和视频...
[2026-03-15 16:41:49] 更新完成
[2026-03-15 17:11:51] 开始更新新闻和视频...
[2026-03-15 17:11:54] 更新完成
[2026-03-15 17:41:56] 开始更新新闻和视频...
[2026-03-15 17:41:59] 更新完成
[2026-03-15 18:12:01] 开始更新新闻和视频...
[2026-03-15 18:12:05] 更新完成
[2026-03-15 18:42:07] 开始更新新闻和视频...
[2026-03-15 18:42:10] 更新完成
[2026-03-15 19:12:12] 开始更新新闻和视频...
[2026-03-15 19:12:15] 更新完成
[2026-03-15 19:42:17] 开始更新新闻和视频...
[2026-03-15 19:42:22] 更新完成
[2026-03-15 20:12:24] 开始更新新闻和视频...
[2026-03-15 20:12:29] 更新完成
[2026-03-15 20:42:31] 开始更新新闻和视频...
[2026-03-15 20:42:41] 更新完成
[2026-03-15 21:12:43] 开始更新新闻和视频...
[2026-03-15 21:12:47] 更新完成
[2026-03-15 21:42:49] 开始更新新闻和视频...
[2026-03-15 21:42:52] 更新完成
[2026-03-15 22:12:54] 开始更新新闻和视频...
[2026-03-15 22:12:58] 更新完成
[2026-03-15 22:43:00] 开始更新新闻和视频...
[2026-03-15 22:43:04] 更新完成
[2026-03-15 23:13:06] 开始更新新闻和视频...
[2026-03-15 23:13:11] 更新完成
[2026-03-15 23:43:13] 开始更新新闻和视频...
[2026-03-15 23:43:17] 更新完成
[2026-03-16 00:13:19] 开始更新新闻和视频...
[2026-03-16 00:13:23] 更新完成
[2026-03-16 00:43:25] 开始更新新闻和视频...
[2026-03-16 00:43:28] 更新完成
[2026-03-16 01:13:30] 开始更新新闻和视频...
[2026-03-16 01:13:34] 更新完成
[2026-03-16 01:43:36] 开始更新新闻和视频...
[2026-03-16 01:43:39] 更新完成
[2026-03-16 02:13:41] 开始更新新闻和视频...
[2026-03-16 02:13:45] 更新完成
[2026-03-16 02:43:47] 开始更新新闻和视频...
[2026-03-16 02:43:51] 更新完成
[2026-03-16 03:13:53] 开始更新新闻和视频...
[2026-03-16 03:13:57] 更新完成
[2026-03-16 03:43:58] 开始更新新闻和视频...
[2026-03-16 03:44:02] 更新完成
[2026-03-16 04:14:04] 开始更新新闻和视频...
[2026-03-16 04:14:08] 更新完成
[2026-03-16 04:44:10] 开始更新新闻和视频...
[2026-03-16 04:44:14] 更新完成
[2026-03-16 05:14:16] 开始更新新闻和视频...
[2026-03-16 05:14:20] 更新完成
[2026-03-16 05:44:22] 开始更新新闻和视频...
[2026-03-16 05:44:26] 更新完成
[2026-03-16 06:14:28] 开始更新新闻和视频...
[2026-03-16 06:14:32] 更新完成
[2026-03-16 06:44:34] 开始更新新闻和视频...
[2026-03-16 06:44:36] 更新完成
[2026-03-16 07:14:38] 开始更新新闻和视频...
[2026-03-16 07:14:40] 更新完成
[2026-03-16 07:44:40] 开始更新新闻和视频...
[2026-03-16 07:44:42] 更新完成
[2026-03-16 08:14:42] 开始更新新闻和视频...
[2026-03-16 08:14:45] 更新完成
[2026-03-16 08:44:45] 开始更新新闻和视频...
[2026-03-16 08:44:47] 更新完成
[2026-03-16 09:14:47] 开始更新新闻和视频...
[2026-03-16 09:14:49] 更新完成
[2026-03-16 09:44:49] 开始更新新闻和视频...
[2026-03-16 09:44:52] 更新完成
[2026-03-16 10:14:52] 开始更新新闻和视频...
[2026-03-16 10:14:54] 更新完成
[2026-03-16 10:44:54] 开始更新新闻和视频...
[2026-03-16 10:44:56] 更新完成
[2026-03-16 11:14:57] 开始更新新闻和视频...
[2026-03-16 11:14:59] 更新完成
[2026-03-16 11:44:59] 开始更新新闻和视频...
[2026-03-16 11:45:01] 更新完成
[2026-03-16 12:15:01] 开始更新新闻和视频...
[2026-03-16 12:15:04] 更新完成
[2026-03-16 12:45:04] 开始更新新闻和视频...
[2026-03-16 12:45:06] 更新完成
[2026-03-16 13:15:06] 开始更新新闻和视频...
[2026-03-16 13:15:08] 更新完成
[2026-03-16 13:45:08] 开始更新新闻和视频...
[2026-03-16 13:45:11] 更新完成
[2026-03-16 14:15:11] 开始更新新闻和视频...
[2026-03-16 14:15:14] 更新完成
[2026-03-16 14:45:14] 开始更新新闻和视频...
[2026-03-16 14:45:16] 更新完成
[2026-03-16 15:15:16] 开始更新新闻和视频...
[2026-03-16 15:15:19] 更新完成
[2026-03-16 15:45:19] 开始更新新闻和视频...
[2026-03-16 15:45:21] 更新完成
[2026-03-16 16:15:21] 开始更新新闻和视频...
[2026-03-16 16:15:24] 更新完成
[2026-03-16 16:45:24] 开始更新新闻和视频...
[2026-03-16 16:45:26] 更新完成
[2026-03-16 17:15:27] 开始更新新闻和视频...
[2026-03-16 17:15:29] 更新完成
[2026-03-16 17:45:29] 开始更新新闻和视频...
[2026-03-16 17:45:31] 更新完成
[2026-03-16 18:15:31] 开始更新新闻和视频...
[2026-03-16 18:15:34] 更新完成
[2026-03-16 18:45:34] 开始更新新闻和视频...
[2026-03-16 18:45:36] 更新完成
[2026-03-16 19:15:36] 开始更新新闻和视频...
[2026-03-16 19:15:38] 更新完成
[2026-03-16 19:45:38] 开始更新新闻和视频...
[2026-03-16 19:45:41] 更新完成
[2026-03-16 20:15:41] 开始更新新闻和视频...
[2026-03-16 20:15:43] 更新完成
[2026-03-16 20:45:43] 开始更新新闻和视频...
[2026-03-16 20:45:48] 更新完成
[2026-03-16 21:15:48] 开始更新新闻和视频...
[2026-03-16 21:15:50] 更新完成
[2026-03-16 21:45:50] 开始更新新闻和视频...
[2026-03-16 21:45:53] 更新完成
[2026-03-16 22:15:53] 开始更新新闻和视频...
[2026-03-16 22:15:55] 更新完成
[2026-03-16 22:45:55] 开始更新新闻和视频...
[2026-03-16 22:45:57] 更新完成
[2026-03-16 23:15:58] 开始更新新闻和视频...
[2026-03-16 23:16:00] 更新完成
[2026-03-16 23:46:00] 开始更新新闻和视频...
[2026-03-16 23:46:03] 更新完成
[2026-03-17 00:16:03] 开始更新新闻和视频...
[2026-03-17 00:16:05] 更新完成
[2026-03-17 00:46:06] 开始更新新闻和视频...
[2026-03-17 00:46:08] 更新完成
[2026-03-17 01:16:08] 开始更新新闻和视频...
[2026-03-17 01:16:10] 更新完成
[2026-03-17 01:46:11] 开始更新新闻和视频...
[2026-03-17 01:46:13] 更新完成
[2026-03-17 02:16:13] 开始更新新闻和视频...
[2026-03-17 02:16:15] 更新完成
[2026-03-17 02:46:15] 开始更新新闻和视频...
[2026-03-17 02:46:17] 更新完成
[2026-03-17 03:16:17] 开始更新新闻和视频...
[2026-03-17 03:16:20] 更新完成
[2026-03-17 03:46:20] 开始更新新闻和视频...
[2026-03-17 03:46:22] 更新完成
[2026-03-17 04:16:22] 开始更新新闻和视频...
[2026-03-17 04:16:24] 更新完成
[2026-03-17 04:46:25] 开始更新新闻和视频...
[2026-03-17 04:46:27] 更新完成
[2026-03-17 05:16:27] 开始更新新闻和视频...
[2026-03-17 05:16:29] 更新完成
[2026-03-17 05:46:29] 开始更新新闻和视频...
[2026-03-17 05:46:31] 更新完成
[2026-03-17 06:16:31] 开始更新新闻和视频...
[2026-03-17 06:16:34] 更新完成
[2026-03-17 06:46:34] 开始更新新闻和视频...
[2026-03-17 06:46:36] 更新完成
[2026-03-17 07:16:36] 开始更新新闻和视频...
[2026-03-17 07:16:38] 更新完成
[2026-03-17 07:46:38] 开始更新新闻和视频...
[2026-03-17 07:46:40] 更新完成
[2026-03-17 08:16:40] 开始更新新闻和视频...
[2026-03-17 08:16:43] 更新完成
[2026-03-17 08:46:43] 开始更新新闻和视频...
[2026-03-17 08:46:45] 更新完成
[2026-03-17 09:16:45] 开始更新新闻和视频...
[2026-03-17 09:16:47] 更新完成
[2026-03-17 09:46:47] 开始更新新闻和视频...
[2026-03-17 09:46:49] 更新完成
[2026-03-17 10:16:50] 开始更新新闻和视频...
[2026-03-17 10:16:52] 更新完成
[2026-03-17 10:46:52] 开始更新新闻和视频...
[2026-03-17 10:46:54] 更新完成
[2026-03-17 11:16:54] 开始更新新闻和视频...
[2026-03-17 11:16:57] 更新完成
[2026-03-17 11:46:57] 开始更新新闻和视频...
[2026-03-17 11:46:59] 更新完成
[2026-03-17 12:16:59] 开始更新新闻和视频...
[2026-03-17 12:17:01] 更新完成
[2026-03-17 12:47:01] 开始更新新闻和视频...
[2026-03-17 12:47:04] 更新完成
[2026-03-17 13:17:04] 开始更新新闻和视频...
[2026-03-17 13:17:06] 更新完成
[2026-03-17 13:47:06] 开始更新新闻和视频...
[2026-03-17 13:47:09] 更新完成
[2026-03-17 14:17:09] 开始更新新闻和视频...
[2026-03-17 14:17:11] 更新完成
[2026-03-17 14:47:11] 开始更新新闻和视频...
[2026-03-17 14:47:13] 更新完成
[2026-03-17 15:17:13] 开始更新新闻和视频...
[2026-03-17 15:17:16] 更新完成
[2026-03-17 15:47:16] 开始更新新闻和视频...
[2026-03-17 15:47:18] 更新完成
[2026-03-17 16:17:18] 开始更新新闻和视频...
[2026-03-17 16:17:21] 更新完成
[2026-03-17 16:47:21] 开始更新新闻和视频...
[2026-03-17 16:47:24] 更新完成
[2026-03-17 17:17:24] 开始更新新闻和视频...
[2026-03-17 17:17:26] 更新完成
[2026-03-17 17:47:26] 开始更新新闻和视频...
[2026-03-17 17:47:29] 更新完成
[2026-03-17 18:17:29] 开始更新新闻和视频...
[2026-03-17 18:17:31] 更新完成
[2026-03-17 18:47:31] 开始更新新闻和视频...
[2026-03-17 18:47:33] 更新完成
[2026-03-17 19:17:33] 开始更新新闻和视频...
[2026-03-17 19:17:36] 更新完成
[2026-03-17 19:47:36] 开始更新新闻和视频...
[2026-03-17 19:47:38] 更新完成
[2026-03-17 20:17:38] 开始更新新闻和视频...
[2026-03-17 20:17:40] 更新完成
[2026-03-17 20:47:41] 开始更新新闻和视频...
[2026-03-17 20:47:43] 更新完成
[2026-03-17 21:17:43] 开始更新新闻和视频...
[2026-03-17 21:17:48] 更新完成
[2026-03-17 21:47:48] 开始更新新闻和视频...
[2026-03-17 21:47:51] 更新完成
[2026-03-17 22:17:51] 开始更新新闻和视频...
[2026-03-17 22:17:53] 更新完成
